21:00:02 **** Build of configuration Debug for project projetos ****
make -j8 all 
Building file: ../startup/startup_stm32.s
Building file: ../src/main.c
Building file: ../src/syscalls.c
Invoking: MCU GCC Assembler
Invoking: MCU GCC Compiler
Invoking: MCU GCC Compiler
/home/jpalvesl/Documentos/github/AAMCI/projetos/Debug
/home/jpalvesl/Documentos/github/AAMCI/projetos/Debug
/home/jpalvesl/Documentos/github/AAMCI/projetos/Debug
arm-none-eabi-as -mcpu=cortex-m4 -mthumb -mfloat-abi=hard -mfpu=fpv4-sp-d16 -I"/home/jpalvesl/Documentos/github/AAMCI/projetos/StdPeriph_Driver/inc" -I"/home/jpalvesl/Documentos/github/AAMCI/projetos/inc" -I"/home/jpalvesl/Documentos/github/AAMCI/projetos/CMSIS/device" -I"/home/jpalvesl/Documentos/github/AAMCI/projetos/CMSIS/core" -g -o "startup/startup_stm32.o" "../startup/startup_stm32.s"
arm-none-eabi-gcc -mcpu=cortex-m4 -mthumb -mfloat-abi=hard -mfpu=fpv4-sp-d16 -DSTM32 -DSTM32F4 -DSTM32F407VETx -DDEBUG -DSTM32F40XX -DSTM32F40_41xxx -DUSE_STDPERIPH_DRIVER -I"/home/jpalvesl/Documentos/github/AAMCI/projetos/StdPeriph_Driver/inc" -I"/home/jpalvesl/Documentos/github/AAMCI/projetos/inc" -I"/home/jpalvesl/Documentos/github/AAMCI/projetos/CMSIS/device" -I"/home/jpalvesl/Documentos/github/AAMCI/projetos/CMSIS/core" -O0 -g3 -Wall -fmessage-length=0 -ffunction-sections -c -MMD -MP -MF"src/main.d" -MT"src/main.o" -o "src/main.o" "../src/main.c"
Building file: ../src/system_stm32f4xx.c
arm-none-eabi-gcc -mcpu=cortex-m4 -mthumb -mfloat-abi=hard -mfpu=fpv4-sp-d16 -DSTM32 -DSTM32F4 -DSTM32F407VETx -DDEBUG -DSTM32F40XX -DSTM32F40_41xxx -DUSE_STDPERIPH_DRIVER -I"/home/jpalvesl/Documentos/github/AAMCI/projetos/StdPeriph_Driver/inc" -I"/home/jpalvesl/Documentos/github/AAMCI/projetos/inc" -I"/home/jpalvesl/Documentos/github/AAMCI/projetos/CMSIS/device" -I"/home/jpalvesl/Documentos/github/AAMCI/projetos/CMSIS/core" -O0 -g3 -Wall -fmessage-length=0 -ffunction-sections -c -MMD -MP -MF"src/syscalls.d" -MT"src/syscalls.o" -o "src/syscalls.o" "../src/syscalls.c"
Invoking: MCU GCC Compiler
Building file: ../StdPeriph_Driver/src/misc.c
Building file: ../StdPeriph_Driver/src/stm32f4xx_adc.c
/home/jpalvesl/Documentos/github/AAMCI/projetos/Debug
Building file: ../StdPeriph_Driver/src/stm32f4xx_can.c
arm-none-eabi-gcc -mcpu=cortex-m4 -mthumb -mfloat-abi=hard -mfpu=fpv4-sp-d16 -DSTM32 -DSTM32F4 -DSTM32F407VETx -DDEBUG -DSTM32F40XX -DSTM32F40_41xxx -DUSE_STDPERIPH_DRIVER -I"/home/jpalvesl/Documentos/github/AAMCI/projetos/StdPeriph_Driver/inc" -I"/home/jpalvesl/Documentos/github/AAMCI/projetos/inc" -I"/home/jpalvesl/Documentos/github/AAMCI/projetos/CMSIS/device" -I"/home/jpalvesl/Documentos/github/AAMCI/projetos/CMSIS/core" -O0 -g3 -Wall -fmessage-length=0 -ffunction-sections -c -MMD -MP -MF"src/system_stm32f4xx.d" -MT"src/system_stm32f4xx.o" -o "src/system_stm32f4xx.o" "../src/system_stm32f4xx.c"
Invoking: MCU GCC Compiler
Invoking: MCU GCC Compiler
Invoking: MCU GCC Compiler
Finished building: ../startup/startup_stm32.s
/home/jpalvesl/Documentos/github/AAMCI/projetos/Debug
/home/jpalvesl/Documentos/github/AAMCI/projetos/Debug
/home/jpalvesl/Documentos/github/AAMCI/projetos/Debug
In file included from ../src/main.c:12:0:
/home/jpalvesl/Documentos/github/AAMCI/projetos/CMSIS/device/stm32f4xx.h:108:0: warning: "STM32F40_41xxx" redefined
arm-none-eabi-gcc -mcpu=cortex-m4 -mthumb -mfloat-abi=hard -mfpu=fpv4-sp-d16 -DSTM32 -DSTM32F4 -DSTM32F407VETx -DDEBUG -DSTM32F40XX -DSTM32F40_41xxx -DUSE_STDPERIPH_DRIVER -I"/home/jpalvesl/Documentos/github/AAMCI/projetos/StdPeriph_Driver/inc" -I"/home/jpalvesl/Documentos/github/AAMCI/projetos/inc" -I"/home/jpalvesl/Documentos/github/AAMCI/projetos/CMSIS/device" -I"/home/jpalvesl/Documentos/github/AAMCI/projetos/CMSIS/core" -O0 -g3 -Wall -fmessage-length=0 -ffunction-sections -c -MMD -MP -MF"StdPeriph_Driver/src/misc.d" -MT"StdPeriph_Driver/src/misc.o" -o "StdPeriph_Driver/src/misc.o" "../StdPeriph_Driver/src/misc.c"
 
arm-none-eabi-gcc -mcpu=cortex-m4 -mthumb -mfloat-abi=hard -mfpu=fpv4-sp-d16 -DSTM32 -DSTM32F4 -DSTM32F407VETx -DDEBUG -DSTM32F40XX -DSTM32F40_41xxx -DUSE_STDPERIPH_DRIVER -I"/home/jpalvesl/Documentos/github/AAMCI/projetos/StdPeriph_Driver/inc" -I"/home/jpalvesl/Documentos/github/AAMCI/projetos/inc" -I"/home/jpalvesl/Documentos/github/AAMCI/projetos/CMSIS/device" -I"/home/jpalvesl/Documentos/github/AAMCI/projetos/CMSIS/core" -O0 -g3 -Wall -fmessage-length=0 -ffunction-sections -c -MMD -MP -MF"StdPeriph_Driver/src/stm32f4xx_adc.d" -MT"StdPeriph_Driver/src/stm32f4xx_adc.o" -o "StdPeriph_Driver/src/stm32f4xx_adc.o" "../StdPeriph_Driver/src/stm32f4xx_adc.c"
arm-none-eabi-gcc -mcpu=cortex-m4 -mthumb -mfloat-abi=hard -mfpu=fpv4-sp-d16 -DSTM32 -DSTM32F4 -DSTM32F407VETx -DDEBUG -DSTM32F40XX -DSTM32F40_41xxx -DUSE_STDPERIPH_DRIVER -I"/home/jpalvesl/Documentos/github/AAMCI/projetos/StdPeriph_Driver/inc" -I"/home/jpalvesl/Documentos/github/AAMCI/projetos/inc" -I"/home/jpalvesl/Documentos/github/AAMCI/projetos/CMSIS/device" -I"/home/jpalvesl/Documentos/github/AAMCI/projetos/CMSIS/core" -O0 -g3 -Wall -fmessage-length=0 -ffunction-sections -c -MMD -MP -MF"StdPeriph_Driver/src/stm32f4xx_can.d" -MT"StdPeriph_Driver/src/stm32f4xx_can.o" -o "StdPeriph_Driver/src/stm32f4xx_can.o" "../StdPeriph_Driver/src/stm32f4xx_can.c"
Building file: ../StdPeriph_Driver/src/stm32f4xx_cec.c
   #define STM32F40_41xxx
 
<command-line>:0:0: note: this is the location of the previous definition
In file included from ../src/system_stm32f4xx.c:317:0:
/home/jpalvesl/Documentos/github/AAMCI/projetos/CMSIS/device/stm32f4xx.h:108:0: warning: "STM32F40_41xxx" redefined
   #define STM32F40_41xxx
 
<command-line>:0:0: note: this is the location of the previous definition
In file included from /home/jpalvesl/Documentos/github/AAMCI/projetos/StdPeriph_Driver/inc/stm32f4xx_adc.h:38:0,
                 from ../StdPeriph_Driver/src/stm32f4xx_adc.c:106:
/home/jpalvesl/Documentos/github/AAMCI/projetos/CMSIS/device/stm32f4xx.h:108:0: warning: "STM32F40_41xxx" redefined
   #define STM32F40_41xxx
 
<command-line>:0:0: note: this is the location of the previous definition
In file included from /home/jpalvesl/Documentos/github/AAMCI/projetos/StdPeriph_Driver/inc/misc.h:38:0,
                 from ../StdPeriph_Driver/src/misc.c:76:
/home/jpalvesl/Documentos/github/AAMCI/projetos/CMSIS/device/stm32f4xx.h:108:0: warning: "STM32F40_41xxx" redefined
   #define STM32F40_41xxx
 
<command-line>:0:0: note: this is the location of the previous definition
Building file: ../StdPeriph_Driver/src/stm32f4xx_crc.c
In file included from /home/jpalvesl/Documentos/github/AAMCI/projetos/StdPeriph_Driver/inc/stm32f4xx_can.h:38:0,
Invoking: MCU GCC Compiler
                 from ../StdPeriph_Driver/src/stm32f4xx_can.c:84:
Invoking: MCU GCC Compiler
/home/jpalvesl/Documentos/github/AAMCI/projetos/CMSIS/device/stm32f4xx.h:108:0: warning: "STM32F40_41xxx" redefined
/home/jpalvesl/Documentos/github/AAMCI/projetos/Debug
   #define STM32F40_41xxx
arm-none-eabi-gcc -mcpu=cortex-m4 -mthumb -mfloat-abi=hard -mfpu=fpv4-sp-d16 -DSTM32 -DSTM32F4 -DSTM32F407VETx -DDEBUG -DSTM32F40XX -DSTM32F40_41xxx -DUSE_STDPERIPH_DRIVER -I"/home/jpalvesl/Documentos/github/AAMCI/projetos/StdPeriph_Driver/inc" -I"/home/jpalvesl/Documentos/github/AAMCI/projetos/inc" -I"/home/jpalvesl/Documentos/github/AAMCI/projetos/CMSIS/device" -I"/home/jpalvesl/Documentos/github/AAMCI/projetos/CMSIS/core" -O0 -g3 -Wall -fmessage-length=0 -ffunction-sections -c -MMD -MP -MF"StdPeriph_Driver/src/stm32f4xx_cec.d" -MT"StdPeriph_Driver/src/stm32f4xx_cec.o" -o "StdPeriph_Driver/src/stm32f4xx_cec.o" "../StdPeriph_Driver/src/stm32f4xx_cec.c"
 
/home/jpalvesl/Documentos/github/AAMCI/projetos/Debug
<command-line>:0:0: note: this is the location of the previous definition
arm-none-eabi-gcc -mcpu=cortex-m4 -mthumb -mfloat-abi=hard -mfpu=fpv4-sp-d16 -DSTM32 -DSTM32F4 -DSTM32F407VETx -DDEBUG -DSTM32F40XX -DSTM32F40_41xxx -DUSE_STDPERIPH_DRIVER -I"/home/jpalvesl/Documentos/github/AAMCI/projetos/StdPeriph_Driver/inc" -I"/home/jpalvesl/Documentos/github/AAMCI/projetos/inc" -I"/home/jpalvesl/Documentos/github/AAMCI/projetos/CMSIS/device" -I"/home/jpalvesl/Documentos/github/AAMCI/projetos/CMSIS/core" -O0 -g3 -Wall -fmessage-length=0 -ffunction-sections -c -MMD -MP -MF"StdPeriph_Driver/src/stm32f4xx_crc.d" -MT"StdPeriph_Driver/src/stm32f4xx_crc.o" -o "StdPeriph_Driver/src/stm32f4xx_crc.o" "../StdPeriph_Driver/src/stm32f4xx_crc.c"
Finished building: ../src/syscalls.c
 
In file included from /home/jpalvesl/Documentos/github/AAMCI/projetos/StdPeriph_Driver/inc/stm32f4xx_crc.h:38:0,
                 from ../StdPeriph_Driver/src/stm32f4xx_crc.c:29:
/home/jpalvesl/Documentos/github/AAMCI/projetos/CMSIS/device/stm32f4xx.h:108:0: warning: "STM32F40_41xxx" redefined
   #define STM32F40_41xxx
 
<command-line>:0:0: note: this is the location of the previous definition
In file included from /home/jpalvesl/Documentos/github/AAMCI/projetos/StdPeriph_Driver/inc/stm32f4xx_cec.h:38:0,
                 from ../StdPeriph_Driver/src/stm32f4xx_cec.c:93:
/home/jpalvesl/Documentos/github/AAMCI/projetos/CMSIS/device/stm32f4xx.h:108:0: warning: "STM32F40_41xxx" redefined
   #define STM32F40_41xxx
 
<command-line>:0:0: note: this is the location of the previous definition
../src/system_stm32f4xx.c: In function 'SetSysClock':
../src/system_stm32f4xx.c:760:5: warning: this 'while' clause does not guard... [-Wmisleading-indentation]
     while ((RCC->CFGR & (uint32_t)RCC_CFGR_SWS ) != RCC_CFGR_SWS_PLL);
     ^~~~~
../src/system_stm32f4xx.c:761:5: note: ...this statement, but the latter is misleadingly indented as if it were guarded by the 'while'
     {
     ^
In file included from /home/jpalvesl/Documentos/github/AAMCI/projetos/StdPeriph_Driver/inc/stm32f4xx_cryp.h:38:0,
                 from ../StdPeriph_Driver/src/stm32f4xx_cryp.c:164:
/home/jpalvesl/Documentos/github/AAMCI/projetos/CMSIS/device/stm32f4xx.h:108:0: warning: "STM32F40_41xxx" redefined
   #define STM32F40_41xxx
 
<command-line>:0:0: note: this is the location of the previous definition
Building file: ../StdPeriph_Driver/src/stm32f4xx_cryp.c
Invoking: MCU GCC Compiler
/home/jpalvesl/Documentos/github/AAMCI/projetos/Debug
arm-none-eabi-gcc -mcpu=cortex-m4 -mthumb -mfloat-abi=hard -mfpu=fpv4-sp-d16 -DSTM32 -DSTM32F4 -DSTM32F407VETx -DDEBUG -DSTM32F40XX -DSTM32F40_41xxx -DUSE_STDPERIPH_DRIVER -I"/home/jpalvesl/Documentos/github/AAMCI/projetos/StdPeriph_Driver/inc" -I"/home/jpalvesl/Documentos/github/AAMCI/projetos/inc" -I"/home/jpalvesl/Documentos/github/AAMCI/projetos/CMSIS/device" -I"/home/jpalvesl/Documentos/github/AAMCI/projetos/CMSIS/core" -O0 -g3 -Wall -fmessage-length=0 -ffunction-sections -c -MMD -MP -MF"StdPeriph_Driver/src/stm32f4xx_cryp.d" -MT"StdPeriph_Driver/src/stm32f4xx_cryp.o" -o "StdPeriph_Driver/src/stm32f4xx_cryp.o" "../StdPeriph_Driver/src/stm32f4xx_cryp.c"
Finished building: ../src/system_stm32f4xx.c
 
Building file: ../StdPeriph_Driver/src/stm32f4xx_cryp_aes.c
Invoking: MCU GCC Compiler
/home/jpalvesl/Documentos/github/AAMCI/projetos/Debug
arm-none-eabi-gcc -mcpu=cortex-m4 -mthumb -mfloat-abi=hard -mfpu=fpv4-sp-d16 -DSTM32 -DSTM32F4 -DSTM32F407VETx -DDEBUG -DSTM32F40XX -DSTM32F40_41xxx -DUSE_STDPERIPH_DRIVER -I"/home/jpalvesl/Documentos/github/AAMCI/projetos/StdPeriph_Driver/inc" -I"/home/jpalvesl/Documentos/github/AAMCI/projetos/inc" -I"/home/jpalvesl/Documentos/github/AAMCI/projetos/CMSIS/device" -I"/home/jpalvesl/Documentos/github/AAMCI/projetos/CMSIS/core" -O0 -g3 -Wall -fmessage-length=0 -ffunction-sections -c -MMD -MP -MF"StdPeriph_Driver/src/stm32f4xx_cryp_aes.d" -MT"StdPeriph_Driver/src/stm32f4xx_cryp_aes.o" -o "StdPeriph_Driver/src/stm32f4xx_cryp_aes.o" "../StdPeriph_Driver/src/stm32f4xx_cryp_aes.c"
In file included from /home/jpalvesl/Documentos/github/AAMCI/projetos/StdPeriph_Driver/inc/stm32f4xx_cryp.h:38:0,
                 from ../StdPeriph_Driver/src/stm32f4xx_cryp_aes.c:55:
/home/jpalvesl/Documentos/github/AAMCI/projetos/CMSIS/device/stm32f4xx.h:108:0: warning: "STM32F40_41xxx" redefined
   #define STM32F40_41xxx
 
<command-line>:0:0: note: this is the location of the previous definition
Finished building: ../StdPeriph_Driver/src/stm32f4xx_cec.c
Finished building: ../StdPeriph_Driver/src/stm32f4xx_crc.c
 
 
Finished building: ../StdPeriph_Driver/src/misc.c
Building file: ../StdPeriph_Driver/src/stm32f4xx_cryp_des.c
Building file: ../StdPeriph_Driver/src/stm32f4xx_cryp_tdes.c
Invoking: MCU GCC Compiler
Invoking: MCU GCC Compiler
/home/jpalvesl/Documentos/github/AAMCI/projetos/Debug
 
arm-none-eabi-gcc -mcpu=cortex-m4 -mthumb -mfloat-abi=hard -mfpu=fpv4-sp-d16 -DSTM32 -DSTM32F4 -DSTM32F407VETx -DDEBUG -DSTM32F40XX -DSTM32F40_41xxx -DUSE_STDPERIPH_DRIVER -I"/home/jpalvesl/Documentos/github/AAMCI/projetos/StdPeriph_Driver/inc" -I"/home/jpalvesl/Documentos/github/AAMCI/projetos/inc" -I"/home/jpalvesl/Documentos/github/AAMCI/projetos/CMSIS/device" -I"/home/jpalvesl/Documentos/github/AAMCI/projetos/CMSIS/core" -O0 -g3 -Wall -fmessage-length=0 -ffunction-sections -c -MMD -MP -MF"StdPeriph_Driver/src/stm32f4xx_cryp_des.d" -MT"StdPeriph_Driver/src/stm32f4xx_cryp_des.o" -o "StdPeriph_Driver/src/stm32f4xx_cryp_des.o" "../StdPeriph_Driver/src/stm32f4xx_cryp_des.c"
/home/jpalvesl/Documentos/github/AAMCI/projetos/Debug
arm-none-eabi-gcc -mcpu=cortex-m4 -mthumb -mfloat-abi=hard -mfpu=fpv4-sp-d16 -DSTM32 -DSTM32F4 -DSTM32F407VETx -DDEBUG -DSTM32F40XX -DSTM32F40_41xxx -DUSE_STDPERIPH_DRIVER -I"/home/jpalvesl/Documentos/github/AAMCI/projetos/StdPeriph_Driver/inc" -I"/home/jpalvesl/Documentos/github/AAMCI/projetos/inc" -I"/home/jpalvesl/Documentos/github/AAMCI/projetos/CMSIS/device" -I"/home/jpalvesl/Documentos/github/AAMCI/projetos/CMSIS/core" -O0 -g3 -Wall -fmessage-length=0 -ffunction-sections -c -MMD -MP -MF"StdPeriph_Driver/src/stm32f4xx_cryp_tdes.d" -MT"StdPeriph_Driver/src/stm32f4xx_cryp_tdes.o" -o "StdPeriph_Driver/src/stm32f4xx_cryp_tdes.o" "../StdPeriph_Driver/src/stm32f4xx_cryp_tdes.c"
Finished building: ../StdPeriph_Driver/src/stm32f4xx_can.c
Finished building: ../src/main.c
 
Finished building: ../StdPeriph_Driver/src/stm32f4xx_adc.c
In file included from /home/jpalvesl/Documentos/github/AAMCI/projetos/StdPeriph_Driver/inc/stm32f4xx_cryp.h:38:0,
                 from ../StdPeriph_Driver/src/stm32f4xx_cryp_des.c:48:
/home/jpalvesl/Documentos/github/AAMCI/projetos/CMSIS/device/stm32f4xx.h:108:0: warning: "STM32F40_41xxx" redefined
   #define STM32F40_41xxx
 
<command-line>:0:0: note: this is the location of the previous definition
In file included from /home/jpalvesl/Documentos/github/AAMCI/projetos/StdPeriph_Driver/inc/stm32f4xx_cryp.h:38:0,
                 from ../StdPeriph_Driver/src/stm32f4xx_cryp_tdes.c:48:
/home/jpalvesl/Documentos/github/AAMCI/projetos/CMSIS/device/stm32f4xx.h:108:0: warning: "STM32F40_41xxx" redefined
   #define STM32F40_41xxx
 
<command-line>:0:0: note: this is the location of the previous definition
Finished building: ../StdPeriph_Driver/src/stm32f4xx_cryp.c
 
 
 
Building file: ../StdPeriph_Driver/src/stm32f4xx_dac.c
Building file: ../StdPeriph_Driver/src/stm32f4xx_dbgmcu.c
Invoking: MCU GCC Compiler
Invoking: MCU GCC Compiler
/home/jpalvesl/Documentos/github/AAMCI/projetos/Debug
arm-none-eabi-gcc -mcpu=cortex-m4 -mthumb -mfloat-abi=hard -mfpu=fpv4-sp-d16 -DSTM32 -DSTM32F4 -DSTM32F407VETx -DDEBUG -DSTM32F40XX -DSTM32F40_41xxx -DUSE_STDPERIPH_DRIVER -I"/home/jpalvesl/Documentos/github/AAMCI/projetos/StdPeriph_Driver/inc" -I"/home/jpalvesl/Documentos/github/AAMCI/projetos/inc" -I"/home/jpalvesl/Documentos/github/AAMCI/projetos/CMSIS/device" -I"/home/jpalvesl/Documentos/github/AAMCI/projetos/CMSIS/core" -O0 -g3 -Wall -fmessage-length=0 -ffunction-sections -c -MMD -MP -MF"StdPeriph_Driver/src/stm32f4xx_dac.d" -MT"StdPeriph_Driver/src/stm32f4xx_dac.o" -o "StdPeriph_Driver/src/stm32f4xx_dac.o" "../StdPeriph_Driver/src/stm32f4xx_dac.c"
/home/jpalvesl/Documentos/github/AAMCI/projetos/Debug
arm-none-eabi-gcc -mcpu=cortex-m4 -mthumb -mfloat-abi=hard -mfpu=fpv4-sp-d16 -DSTM32 -DSTM32F4 -DSTM32F407VETx -DDEBUG -DSTM32F40XX -DSTM32F40_41xxx -DUSE_STDPERIPH_DRIVER -I"/home/jpalvesl/Documentos/github/AAMCI/projetos/StdPeriph_Driver/inc" -I"/home/jpalvesl/Documentos/github/AAMCI/projetos/inc" -I"/home/jpalvesl/Documentos/github/AAMCI/projetos/CMSIS/device" -I"/home/jpalvesl/Documentos/github/AAMCI/projetos/CMSIS/core" -O0 -g3 -Wall -fmessage-length=0 -ffunction-sections -c -MMD -MP -MF"StdPeriph_Driver/src/stm32f4xx_dbgmcu.d" -MT"StdPeriph_Driver/src/stm32f4xx_dbgmcu.o" -o "StdPeriph_Driver/src/stm32f4xx_dbgmcu.o" "../StdPeriph_Driver/src/stm32f4xx_dbgmcu.c"
Building file: ../StdPeriph_Driver/src/stm32f4xx_dcmi.c
Building file: ../StdPeriph_Driver/src/stm32f4xx_dfsdm.c
Invoking: MCU GCC Compiler
In file included from /home/jpalvesl/Documentos/github/AAMCI/projetos/StdPeriph_Driver/inc/stm32f4xx_dac.h:38:0,
                 from ../StdPeriph_Driver/src/stm32f4xx_dac.c:131:
/home/jpalvesl/Documentos/github/AAMCI/projetos/CMSIS/device/stm32f4xx.h:108:0: warning: "STM32F40_41xxx" redefined
   #define STM32F40_41xxx
 
<command-line>:0:0: note: this is the location of the previous definition
Invoking: MCU GCC Compiler
Building file: ../StdPeriph_Driver/src/stm32f4xx_dma.c
/home/jpalvesl/Documentos/github/AAMCI/projetos/Debug
/home/jpalvesl/Documentos/github/AAMCI/projetos/Debug
arm-none-eabi-gcc -mcpu=cortex-m4 -mthumb -mfloat-abi=hard -mfpu=fpv4-sp-d16 -DSTM32 -DSTM32F4 -DSTM32F407VETx -DDEBUG -DSTM32F40XX -DSTM32F40_41xxx -DUSE_STDPERIPH_DRIVER -I"/home/jpalvesl/Documentos/github/AAMCI/projetos/StdPeriph_Driver/inc" -I"/home/jpalvesl/Documentos/github/AAMCI/projetos/inc" -I"/home/jpalvesl/Documentos/github/AAMCI/projetos/CMSIS/device" -I"/home/jpalvesl/Documentos/github/AAMCI/projetos/CMSIS/core" -O0 -g3 -Wall -fmessage-length=0 -ffunction-sections -c -MMD -MP -MF"StdPeriph_Driver/src/stm32f4xx_dcmi.d" -MT"StdPeriph_Driver/src/stm32f4xx_dcmi.o" -o "StdPeriph_Driver/src/stm32f4xx_dcmi.o" "../StdPeriph_Driver/src/stm32f4xx_dcmi.c"
arm-none-eabi-gcc -mcpu=cortex-m4 -mthumb -mfloat-abi=hard -mfpu=fpv4-sp-d16 -DSTM32 -DSTM32F4 -DSTM32F407VETx -DDEBUG -DSTM32F40XX -DSTM32F40_41xxx -DUSE_STDPERIPH_DRIVER -I"/home/jpalvesl/Documentos/github/AAMCI/projetos/StdPeriph_Driver/inc" -I"/home/jpalvesl/Documentos/github/AAMCI/projetos/inc" -I"/home/jpalvesl/Documentos/github/AAMCI/projetos/CMSIS/device" -I"/home/jpalvesl/Documentos/github/AAMCI/projetos/CMSIS/core" -O0 -g3 -Wall -fmessage-length=0 -ffunction-sections -c -MMD -MP -MF"StdPeriph_Driver/src/stm32f4xx_dfsdm.d" -MT"StdPeriph_Driver/src/stm32f4xx_dfsdm.o" -o "StdPeriph_Driver/src/stm32f4xx_dfsdm.o" "../StdPeriph_Driver/src/stm32f4xx_dfsdm.c"
Invoking: MCU GCC Compiler
In file included from /home/jpalvesl/Documentos/github/AAMCI/projetos/StdPeriph_Driver/inc/stm32f4xx_dbgmcu.h:37:0,
/home/jpalvesl/Documentos/github/AAMCI/projetos/Debug
                 from ../StdPeriph_Driver/src/stm32f4xx_dbgmcu.c:29:
/home/jpalvesl/Documentos/github/AAMCI/projetos/CMSIS/device/stm32f4xx.h:108:0: warning: "STM32F40_41xxx" redefined
   #define STM32F40_41xxx
 
<command-line>:0:0: note: this is the location of the previous definition
arm-none-eabi-gcc -mcpu=cortex-m4 -mthumb -mfloat-abi=hard -mfpu=fpv4-sp-d16 -DSTM32 -DSTM32F4 -DSTM32F407VETx -DDEBUG -DSTM32F40XX -DSTM32F40_41xxx -DUSE_STDPERIPH_DRIVER -I"/home/jpalvesl/Documentos/github/AAMCI/projetos/StdPeriph_Driver/inc" -I"/home/jpalvesl/Documentos/github/AAMCI/projetos/inc" -I"/home/jpalvesl/Documentos/github/AAMCI/projetos/CMSIS/device" -I"/home/jpalvesl/Documentos/github/AAMCI/projetos/CMSIS/core" -O0 -g3 -Wall -fmessage-length=0 -ffunction-sections -c -MMD -MP -MF"StdPeriph_Driver/src/stm32f4xx_dma.d" -MT"StdPeriph_Driver/src/stm32f4xx_dma.o" -o "StdPeriph_Driver/src/stm32f4xx_dma.o" "../StdPeriph_Driver/src/stm32f4xx_dma.c"
In file included from /home/jpalvesl/Documentos/github/AAMCI/projetos/StdPeriph_Driver/inc/stm32f4xx_rcc.h:37:0,
                 from ../StdPeriph_Driver/src/stm32f4xx_dfsdm.c:44:
/home/jpalvesl/Documentos/github/AAMCI/projetos/CMSIS/device/stm32f4xx.h:108:0: warning: "STM32F40_41xxx" redefined
   #define STM32F40_41xxx
 
<command-line>:0:0: note: this is the location of the previous definition
In file included from /home/jpalvesl/Documentos/github/AAMCI/projetos/StdPeriph_Driver/inc/stm32f4xx_dcmi.h:37:0,
                 from ../StdPeriph_Driver/src/stm32f4xx_dcmi.c:86:
/home/jpalvesl/Documentos/github/AAMCI/projetos/CMSIS/device/stm32f4xx.h:108:0: warning: "STM32F40_41xxx" redefined
   #define STM32F40_41xxx
 
<command-line>:0:0: note: this is the location of the previous definition
In file included from /home/jpalvesl/Documentos/github/AAMCI/projetos/StdPeriph_Driver/inc/stm32f4xx_dma.h:38:0,
                 from ../StdPeriph_Driver/src/stm32f4xx_dma.c:124:
/home/jpalvesl/Documentos/github/AAMCI/projetos/CMSIS/device/stm32f4xx.h:108:0: warning: "STM32F40_41xxx" redefined
   #define STM32F40_41xxx
 
<command-line>:0:0: note: this is the location of the previous definition
Finished building: ../StdPeriph_Driver/src/stm32f4xx_cryp_des.c
 
Building file: ../StdPeriph_Driver/src/stm32f4xx_dma2d.c
Finished building: ../StdPeriph_Driver/src/stm32f4xx_cryp_aes.c
Invoking: MCU GCC Compiler
Finished building: ../StdPeriph_Driver/src/stm32f4xx_cryp_tdes.c
/home/jpalvesl/Documentos/github/AAMCI/projetos/Debug
 
arm-none-eabi-gcc -mcpu=cortex-m4 -mthumb -mfloat-abi=hard -mfpu=fpv4-sp-d16 -DSTM32 -DSTM32F4 -DSTM32F407VETx -DDEBUG -DSTM32F40XX -DSTM32F40_41xxx -DUSE_STDPERIPH_DRIVER -I"/home/jpalvesl/Documentos/github/AAMCI/projetos/StdPeriph_Driver/inc" -I"/home/jpalvesl/Documentos/github/AAMCI/projetos/inc" -I"/home/jpalvesl/Documentos/github/AAMCI/projetos/CMSIS/device" -I"/home/jpalvesl/Documentos/github/AAMCI/projetos/CMSIS/core" -O0 -g3 -Wall -fmessage-length=0 -ffunction-sections -c -MMD -MP -MF"StdPeriph_Driver/src/stm32f4xx_dma2d.d" -MT"StdPeriph_Driver/src/stm32f4xx_dma2d.o" -o "StdPeriph_Driver/src/stm32f4xx_dma2d.o" "../StdPeriph_Driver/src/stm32f4xx_dma2d.c"
Building file: ../StdPeriph_Driver/src/stm32f4xx_dsi.c
Invoking: MCU GCC Compiler
In file included from /home/jpalvesl/Documentos/github/AAMCI/projetos/StdPeriph_Driver/inc/stm32f4xx_dma2d.h:38:0,
                 from ../StdPeriph_Driver/src/stm32f4xx_dma2d.c:58:
/home/jpalvesl/Documentos/github/AAMCI/projetos/CMSIS/device/stm32f4xx.h:108:0: warning: "STM32F40_41xxx" redefined
   #define STM32F40_41xxx
 
<command-line>:0:0: note: this is the location of the previous definition
/home/jpalvesl/Documentos/github/AAMCI/projetos/Debug
 
Building file: ../StdPeriph_Driver/src/stm32f4xx_exti.c
arm-none-eabi-gcc -mcpu=cortex-m4 -mthumb -mfloat-abi=hard -mfpu=fpv4-sp-d16 -DSTM32 -DSTM32F4 -DSTM32F407VETx -DDEBUG -DSTM32F40XX -DSTM32F40_41xxx -DUSE_STDPERIPH_DRIVER -I"/home/jpalvesl/Documentos/github/AAMCI/projetos/StdPeriph_Driver/inc" -I"/home/jpalvesl/Documentos/github/AAMCI/projetos/inc" -I"/home/jpalvesl/Documentos/github/AAMCI/projetos/CMSIS/device" -I"/home/jpalvesl/Documentos/github/AAMCI/projetos/CMSIS/core" -O0 -g3 -Wall -fmessage-length=0 -ffunction-sections -c -MMD -MP -MF"StdPeriph_Driver/src/stm32f4xx_dsi.d" -MT"StdPeriph_Driver/src/stm32f4xx_dsi.o" -o "StdPeriph_Driver/src/stm32f4xx_dsi.o" "../StdPeriph_Driver/src/stm32f4xx_dsi.c"
Finished building: ../StdPeriph_Driver/src/stm32f4xx_dac.c
Invoking: MCU GCC Compiler
 
/home/jpalvesl/Documentos/github/AAMCI/projetos/Debug
arm-none-eabi-gcc -mcpu=cortex-m4 -mthumb -mfloat-abi=hard -mfpu=fpv4-sp-d16 -DSTM32 -DSTM32F4 -DSTM32F407VETx -DDEBUG -DSTM32F40XX -DSTM32F40_41xxx -DUSE_STDPERIPH_DRIVER -I"/home/jpalvesl/Documentos/github/AAMCI/projetos/StdPeriph_Driver/inc" -I"/home/jpalvesl/Documentos/github/AAMCI/projetos/inc" -I"/home/jpalvesl/Documentos/github/AAMCI/projetos/CMSIS/device" -I"/home/jpalvesl/Documentos/github/AAMCI/projetos/CMSIS/core" -O0 -g3 -Wall -fmessage-length=0 -ffunction-sections -c -MMD -MP -MF"StdPeriph_Driver/src/stm32f4xx_exti.d" -MT"StdPeriph_Driver/src/stm32f4xx_exti.o" -o "StdPeriph_Driver/src/stm32f4xx_exti.o" "../StdPeriph_Driver/src/stm32f4xx_exti.c"
Building file: ../StdPeriph_Driver/src/stm32f4xx_flash.c
Finished building: ../StdPeriph_Driver/src/stm32f4xx_dfsdm.c
In file included from /home/jpalvesl/Documentos/github/AAMCI/projetos/StdPeriph_Driver/inc/stm32f4xx_dsi.h:37:0,
                 from ../StdPeriph_Driver/src/stm32f4xx_dsi.c:44:
/home/jpalvesl/Documentos/github/AAMCI/projetos/CMSIS/device/stm32f4xx.h:108:0: warning: "STM32F40_41xxx" redefined
   #define STM32F40_41xxx
 
<command-line>:0:0: note: this is the location of the previous definition
Invoking: MCU GCC Compiler
 
Finished building: ../StdPeriph_Driver/src/stm32f4xx_dbgmcu.c
/home/jpalvesl/Documentos/github/AAMCI/projetos/Debug
In file included from /home/jpalvesl/Documentos/github/AAMCI/projetos/StdPeriph_Driver/inc/stm32f4xx_exti.h:38:0,
                 from ../StdPeriph_Driver/src/stm32f4xx_exti.c:68:
/home/jpalvesl/Documentos/github/AAMCI/projetos/CMSIS/device/stm32f4xx.h:108:0: warning: "STM32F40_41xxx" redefined
   #define STM32F40_41xxx
 
<command-line>:0:0: note: this is the location of the previous definition
 
Building file: ../StdPeriph_Driver/src/stm32f4xx_flash_ramfunc.c
Finished building: ../StdPeriph_Driver/src/stm32f4xx_dcmi.c
arm-none-eabi-gcc -mcpu=cortex-m4 -mthumb -mfloat-abi=hard -mfpu=fpv4-sp-d16 -DSTM32 -DSTM32F4 -DSTM32F407VETx -DDEBUG -DSTM32F40XX -DSTM32F40_41xxx -DUSE_STDPERIPH_DRIVER -I"/home/jpalvesl/Documentos/github/AAMCI/projetos/StdPeriph_Driver/inc" -I"/home/jpalvesl/Documentos/github/AAMCI/projetos/inc" -I"/home/jpalvesl/Documentos/github/AAMCI/projetos/CMSIS/device" -I"/home/jpalvesl/Documentos/github/AAMCI/projetos/CMSIS/core" -O0 -g3 -Wall -fmessage-length=0 -ffunction-sections -c -MMD -MP -MF"StdPeriph_Driver/src/stm32f4xx_flash.d" -MT"StdPeriph_Driver/src/stm32f4xx_flash.o" -o "StdPeriph_Driver/src/stm32f4xx_flash.o" "../StdPeriph_Driver/src/stm32f4xx_flash.c"
Finished building: ../StdPeriph_Driver/src/stm32f4xx_dma.c
 
Invoking: MCU GCC Compiler
 
In file included from /home/jpalvesl/Documentos/github/AAMCI/projetos/StdPeriph_Driver/inc/stm32f4xx_flash.h:38:0,
                 from ../StdPeriph_Driver/src/stm32f4xx_flash.c:72:
/home/jpalvesl/Documentos/github/AAMCI/projetos/CMSIS/device/stm32f4xx.h:108:0: warning: "STM32F40_41xxx" redefined
   #define STM32F40_41xxx
 
<command-line>:0:0: note: this is the location of the previous definition
/home/jpalvesl/Documentos/github/AAMCI/projetos/Debug
arm-none-eabi-gcc -mcpu=cortex-m4 -mthumb -mfloat-abi=hard -mfpu=fpv4-sp-d16 -DSTM32 -DSTM32F4 -DSTM32F407VETx -DDEBUG -DSTM32F40XX -DSTM32F40_41xxx -DUSE_STDPERIPH_DRIVER -I"/home/jpalvesl/Documentos/github/AAMCI/projetos/StdPeriph_Driver/inc" -I"/home/jpalvesl/Documentos/github/AAMCI/projetos/inc" -I"/home/jpalvesl/Documentos/github/AAMCI/projetos/CMSIS/device" -I"/home/jpalvesl/Documentos/github/AAMCI/projetos/CMSIS/core" -O0 -g3 -Wall -fmessage-length=0 -ffunction-sections -c -MMD -MP -MF"StdPeriph_Driver/src/stm32f4xx_flash_ramfunc.d" -MT"StdPeriph_Driver/src/stm32f4xx_flash_ramfunc.o" -o "StdPeriph_Driver/src/stm32f4xx_flash_ramfunc.o" "../StdPeriph_Driver/src/stm32f4xx_flash_ramfunc.c"
Building file: ../StdPeriph_Driver/src/stm32f4xx_fmc.c
Invoking: MCU GCC Compiler
Building file: ../StdPeriph_Driver/src/stm32f4xx_fmip2c.c
/home/jpalvesl/Documentos/github/AAMCI/projetos/Debug
arm-none-eabi-gcc -mcpu=cortex-m4 -mthumb -mfloat-abi=hard -mfpu=fpv4-sp-d16 -DSTM32 -DSTM32F4 -DSTM32F407VETx -DDEBUG -DSTM32F40XX -DSTM32F40_41xxx -DUSE_STDPERIPH_DRIVER -I"/home/jpalvesl/Documentos/github/AAMCI/projetos/StdPeriph_Driver/inc" -I"/home/jpalvesl/Documentos/github/AAMCI/projetos/inc" -I"/home/jpalvesl/Documentos/github/AAMCI/projetos/CMSIS/device" -I"/home/jpalvesl/Documentos/github/AAMCI/projetos/CMSIS/core" -O0 -g3 -Wall -fmessage-length=0 -ffunction-sections -c -MMD -MP -MF"StdPeriph_Driver/src/stm32f4xx_fmc.d" -MT"StdPeriph_Driver/src/stm32f4xx_fmc.o" -o "StdPeriph_Driver/src/stm32f4xx_fmc.o" "../StdPeriph_Driver/src/stm32f4xx_fmc.c"
Invoking: MCU GCC Compiler
Finished building: ../StdPeriph_Driver/src/stm32f4xx_dma2d.c
Building file: ../StdPeriph_Driver/src/stm32f4xx_fsmc.c
In file included from /home/jpalvesl/Documentos/github/AAMCI/projetos/StdPeriph_Driver/inc/stm32f4xx_flash_ramfunc.h:38:0,
                 from ../StdPeriph_Driver/src/stm32f4xx_flash_ramfunc.c:58:
/home/jpalvesl/Documentos/github/AAMCI/projetos/CMSIS/device/stm32f4xx.h:108:0: warning: "STM32F40_41xxx" redefined
   #define STM32F40_41xxx
 
/home/jpalvesl/Documentos/github/AAMCI/projetos/Debug
In file included from /home/jpalvesl/Documentos/github/AAMCI/projetos/StdPeriph_Driver/inc/stm32f4xx_fmc.h:38:0,
                 from ../StdPeriph_Driver/src/stm32f4xx_fmc.c:36:
/home/jpalvesl/Documentos/github/AAMCI/projetos/CMSIS/device/stm32f4xx.h:108:0: warning: "STM32F40_41xxx" redefined
   #define STM32F40_41xxx
 
<command-line>:0:0: note: this is the location of the previous definition
<command-line>:0:0: note: this is the location of the previous definition
 
Invoking: MCU GCC Compiler
arm-none-eabi-gcc -mcpu=cortex-m4 -mthumb -mfloat-abi=hard -mfpu=fpv4-sp-d16 -DSTM32 -DSTM32F4 -DSTM32F407VETx -DDEBUG -DSTM32F40XX -DSTM32F40_41xxx -DUSE_STDPERIPH_DRIVER -I"/home/jpalvesl/Documentos/github/AAMCI/projetos/StdPeriph_Driver/inc" -I"/home/jpalvesl/Documentos/github/AAMCI/projetos/inc" -I"/home/jpalvesl/Documentos/github/AAMCI/projetos/CMSIS/device" -I"/home/jpalvesl/Documentos/github/AAMCI/projetos/CMSIS/core" -O0 -g3 -Wall -fmessage-length=0 -ffunction-sections -c -MMD -MP -MF"StdPeriph_Driver/src/stm32f4xx_fmip2c.d" -MT"StdPeriph_Driver/src/stm32f4xx_fmip2c.o" -o "StdPeriph_Driver/src/stm32f4xx_fmip2c.o" "../StdPeriph_Driver/src/stm32f4xx_fmip2c.c"
Finished building: ../StdPeriph_Driver/src/stm32f4xx_dsi.c
/home/jpalvesl/Documentos/github/AAMCI/projetos/Debug
arm-none-eabi-gcc -mcpu=cortex-m4 -mthumb -mfloat-abi=hard -mfpu=fpv4-sp-d16 -DSTM32 -DSTM32F4 -DSTM32F407VETx -DDEBUG -DSTM32F40XX -DSTM32F40_41xxx -DUSE_STDPERIPH_DRIVER -I"/home/jpalvesl/Documentos/github/AAMCI/projetos/StdPeriph_Driver/inc" -I"/home/jpalvesl/Documentos/github/AAMCI/projetos/inc" -I"/home/jpalvesl/Documentos/github/AAMCI/projetos/CMSIS/device" -I"/home/jpalvesl/Documentos/github/AAMCI/projetos/CMSIS/core" -O0 -g3 -Wall -fmessage-length=0 -ffunction-sections -c -MMD -MP -MF"StdPeriph_Driver/src/stm32f4xx_fsmc.d" -MT"StdPeriph_Driver/src/stm32f4xx_fsmc.o" -o "StdPeriph_Driver/src/stm32f4xx_fsmc.o" "../StdPeriph_Driver/src/stm32f4xx_fsmc.c"
 
In file included from /home/jpalvesl/Documentos/github/AAMCI/projetos/StdPeriph_Driver/inc/stm32f4xx_fmpi2c.h:38:0,
                 from ../StdPeriph_Driver/src/stm32f4xx_fmip2c.c:79:
/home/jpalvesl/Documentos/github/AAMCI/projetos/CMSIS/device/stm32f4xx.h:108:0: warning: "STM32F40_41xxx" redefined
   #define STM32F40_41xxx
 
<command-line>:0:0: note: this is the location of the previous definition
Building file: ../StdPeriph_Driver/src/stm32f4xx_gpio.c
Building file: ../StdPeriph_Driver/src/stm32f4xx_hash.c
Invoking: MCU GCC Compiler
Invoking: MCU GCC Compiler
/home/jpalvesl/Documentos/github/AAMCI/projetos/Debug
In file included from /home/jpalvesl/Documentos/github/AAMCI/projetos/StdPeriph_Driver/inc/stm32f4xx_fsmc.h:38:0,
                 from ../StdPeriph_Driver/src/stm32f4xx_fsmc.c:35:
/home/jpalvesl/Documentos/github/AAMCI/projetos/CMSIS/device/stm32f4xx.h:108:0: warning: "STM32F40_41xxx" redefined
   #define STM32F40_41xxx
 
<command-line>:0:0: note: this is the location of the previous definition
arm-none-eabi-gcc -mcpu=cortex-m4 -mthumb -mfloat-abi=hard -mfpu=fpv4-sp-d16 -DSTM32 -DSTM32F4 -DSTM32F407VETx -DDEBUG -DSTM32F40XX -DSTM32F40_41xxx -DUSE_STDPERIPH_DRIVER -I"/home/jpalvesl/Documentos/github/AAMCI/projetos/StdPeriph_Driver/inc" -I"/home/jpalvesl/Documentos/github/AAMCI/projetos/inc" -I"/home/jpalvesl/Documentos/github/AAMCI/projetos/CMSIS/device" -I"/home/jpalvesl/Documentos/github/AAMCI/projetos/CMSIS/core" -O0 -g3 -Wall -fmessage-length=0 -ffunction-sections -c -MMD -MP -MF"StdPeriph_Driver/src/stm32f4xx_gpio.d" -MT"StdPeriph_Driver/src/stm32f4xx_gpio.o" -o "StdPeriph_Driver/src/stm32f4xx_gpio.o" "../StdPeriph_Driver/src/stm32f4xx_gpio.c"
/home/jpalvesl/Documentos/github/AAMCI/projetos/Debug
arm-none-eabi-gcc -mcpu=cortex-m4 -mthumb -mfloat-abi=hard -mfpu=fpv4-sp-d16 -DSTM32 -DSTM32F4 -DSTM32F407VETx -DDEBUG -DSTM32F40XX -DSTM32F40_41xxx -DUSE_STDPERIPH_DRIVER -I"/home/jpalvesl/Documentos/github/AAMCI/projetos/StdPeriph_Driver/inc" -I"/home/jpalvesl/Documentos/github/AAMCI/projetos/inc" -I"/home/jpalvesl/Documentos/github/AAMCI/projetos/CMSIS/device" -I"/home/jpalvesl/Documentos/github/AAMCI/projetos/CMSIS/core" -O0 -g3 -Wall -fmessage-length=0 -ffunction-sections -c -MMD -MP -MF"StdPeriph_Driver/src/stm32f4xx_hash.d" -MT"StdPeriph_Driver/src/stm32f4xx_hash.o" -o "StdPeriph_Driver/src/stm32f4xx_hash.o" "../StdPeriph_Driver/src/stm32f4xx_hash.c"
Finished building: ../StdPeriph_Driver/src/stm32f4xx_exti.c
 
In file included from /home/jpalvesl/Documentos/github/AAMCI/projetos/StdPeriph_Driver/inc/stm32f4xx_hash.h:38:0,
                 from ../StdPeriph_Driver/src/stm32f4xx_hash.c:123:
/home/jpalvesl/Documentos/github/AAMCI/projetos/CMSIS/device/stm32f4xx.h:108:0: warning: "STM32F40_41xxx" redefined
   #define STM32F40_41xxx
 
<command-line>:0:0: note: this is the location of the previous definition
Building file: ../StdPeriph_Driver/src/stm32f4xx_hash_md5.c
In file included from /home/jpalvesl/Documentos/github/AAMCI/projetos/StdPeriph_Driver/inc/stm32f4xx_gpio.h:38:0,
                 from ../StdPeriph_Driver/src/stm32f4xx_gpio.c:84:
/home/jpalvesl/Documentos/github/AAMCI/projetos/CMSIS/device/stm32f4xx.h:108:0: warning: "STM32F40_41xxx" redefined
   #define STM32F40_41xxx
 
<command-line>:0:0: note: this is the location of the previous definition
Invoking: MCU GCC Compiler
/home/jpalvesl/Documentos/github/AAMCI/projetos/Debug
Finished building: ../StdPeriph_Driver/src/stm32f4xx_fmc.c
 
Building file: ../StdPeriph_Driver/src/stm32f4xx_hash_sha1.c
arm-none-eabi-gcc -mcpu=cortex-m4 -mthumb -mfloat-abi=hard -mfpu=fpv4-sp-d16 -DSTM32 -DSTM32F4 -DSTM32F407VETx -DDEBUG -DSTM32F40XX -DSTM32F40_41xxx -DUSE_STDPERIPH_DRIVER -I"/home/jpalvesl/Documentos/github/AAMCI/projetos/StdPeriph_Driver/inc" -I"/home/jpalvesl/Documentos/github/AAMCI/projetos/inc" -I"/home/jpalvesl/Documentos/github/AAMCI/projetos/CMSIS/device" -I"/home/jpalvesl/Documentos/github/AAMCI/projetos/CMSIS/core" -O0 -g3 -Wall -fmessage-length=0 -ffunction-sections -c -MMD -MP -MF"StdPeriph_Driver/src/stm32f4xx_hash_md5.d" -MT"StdPeriph_Driver/src/stm32f4xx_hash_md5.o" -o "StdPeriph_Driver/src/stm32f4xx_hash_md5.o" "../StdPeriph_Driver/src/stm32f4xx_hash_md5.c"
Invoking: MCU GCC Compiler
/home/jpalvesl/Documentos/github/AAMCI/projetos/Debug
arm-none-eabi-gcc -mcpu=cortex-m4 -mthumb -mfloat-abi=hard -mfpu=fpv4-sp-d16 -DSTM32 -DSTM32F4 -DSTM32F407VETx -DDEBUG -DSTM32F40XX -DSTM32F40_41xxx -DUSE_STDPERIPH_DRIVER -I"/home/jpalvesl/Documentos/github/AAMCI/projetos/StdPeriph_Driver/inc" -I"/home/jpalvesl/Documentos/github/AAMCI/projetos/inc" -I"/home/jpalvesl/Documentos/github/AAMCI/projetos/CMSIS/device" -I"/home/jpalvesl/Documentos/github/AAMCI/projetos/CMSIS/core" -O0 -g3 -Wall -fmessage-length=0 -ffunction-sections -c -MMD -MP -MF"StdPeriph_Driver/src/stm32f4xx_hash_sha1.d" -MT"StdPeriph_Driver/src/stm32f4xx_hash_sha1.o" -o "StdPeriph_Driver/src/stm32f4xx_hash_sha1.o" "../StdPeriph_Driver/src/stm32f4xx_hash_sha1.c"
Finished building: ../StdPeriph_Driver/src/stm32f4xx_flash.c
 
Building file: ../StdPeriph_Driver/src/stm32f4xx_i2c.c
Invoking: MCU GCC Compiler
/home/jpalvesl/Documentos/github/AAMCI/projetos/Debug
In file included from /home/jpalvesl/Documentos/github/AAMCI/projetos/StdPeriph_Driver/inc/stm32f4xx_hash.h:38:0,
                 from ../StdPeriph_Driver/src/stm32f4xx_hash_md5.c:47:
/home/jpalvesl/Documentos/github/AAMCI/projetos/CMSIS/device/stm32f4xx.h:108:0: warning: "STM32F40_41xxx" redefined
   #define STM32F40_41xxx
 
<command-line>:0:0: note: this is the location of the previous definition
In file included from /home/jpalvesl/Documentos/github/AAMCI/projetos/StdPeriph_Driver/inc/stm32f4xx_hash.h:38:0,
                 from ../StdPeriph_Driver/src/stm32f4xx_hash_sha1.c:47:
/home/jpalvesl/Documentos/github/AAMCI/projetos/CMSIS/device/stm32f4xx.h:108:0: warning: "STM32F40_41xxx" redefined
   #define STM32F40_41xxx
 
<command-line>:0:0: note: this is the location of the previous definition
arm-none-eabi-gcc -mcpu=cortex-m4 -mthumb -mfloat-abi=hard -mfpu=fpv4-sp-d16 -DSTM32 -DSTM32F4 -DSTM32F407VETx -DDEBUG -DSTM32F40XX -DSTM32F40_41xxx -DUSE_STDPERIPH_DRIVER -I"/home/jpalvesl/Documentos/github/AAMCI/projetos/StdPeriph_Driver/inc" -I"/home/jpalvesl/Documentos/github/AAMCI/projetos/inc" -I"/home/jpalvesl/Documentos/github/AAMCI/projetos/CMSIS/device" -I"/home/jpalvesl/Documentos/github/AAMCI/projetos/CMSIS/core" -O0 -g3 -Wall -fmessage-length=0 -ffunction-sections -c -MMD -MP -MF"StdPeriph_Driver/src/stm32f4xx_i2c.d" -MT"StdPeriph_Driver/src/stm32f4xx_i2c.o" -o "StdPeriph_Driver/src/stm32f4xx_i2c.o" "../StdPeriph_Driver/src/stm32f4xx_i2c.c"
Finished building: ../StdPeriph_Driver/src/stm32f4xx_flash_ramfunc.c
 
In file included from /home/jpalvesl/Documentos/github/AAMCI/projetos/StdPeriph_Driver/inc/stm32f4xx_i2c.h:38:0,
                 from ../StdPeriph_Driver/src/stm32f4xx_i2c.c:92:
/home/jpalvesl/Documentos/github/AAMCI/projetos/CMSIS/device/stm32f4xx.h:108:0: warning: "STM32F40_41xxx" redefined
   #define STM32F40_41xxx
 
<command-line>:0:0: note: this is the location of the previous definition
Building file: ../StdPeriph_Driver/src/stm32f4xx_iwdg.c
Finished building: ../StdPeriph_Driver/src/stm32f4xx_fmip2c.c
Invoking: MCU GCC Compiler
 
/home/jpalvesl/Documentos/github/AAMCI/projetos/Debug
Building file: ../StdPeriph_Driver/src/stm32f4xx_lptim.c
arm-none-eabi-gcc -mcpu=cortex-m4 -mthumb -mfloat-abi=hard -mfpu=fpv4-sp-d16 -DSTM32 -DSTM32F4 -DSTM32F407VETx -DDEBUG -DSTM32F40XX -DSTM32F40_41xxx -DUSE_STDPERIPH_DRIVER -I"/home/jpalvesl/Documentos/github/AAMCI/projetos/StdPeriph_Driver/inc" -I"/home/jpalvesl/Documentos/github/AAMCI/projetos/inc" -I"/home/jpalvesl/Documentos/github/AAMCI/projetos/CMSIS/device" -I"/home/jpalvesl/Documentos/github/AAMCI/projetos/CMSIS/core" -O0 -g3 -Wall -fmessage-length=0 -ffunction-sections -c -MMD -MP -MF"StdPeriph_Driver/src/stm32f4xx_iwdg.d" -MT"StdPeriph_Driver/src/stm32f4xx_iwdg.o" -o "StdPeriph_Driver/src/stm32f4xx_iwdg.o" "../StdPeriph_Driver/src/stm32f4xx_iwdg.c"
Invoking: MCU GCC Compiler
/home/jpalvesl/Documentos/github/AAMCI/projetos/Debug
In file included from /home/jpalvesl/Documentos/github/AAMCI/projetos/StdPeriph_Driver/inc/stm32f4xx_iwdg.h:38:0,
arm-none-eabi-gcc -mcpu=cortex-m4 -mthumb -mfloat-abi=hard -mfpu=fpv4-sp-d16 -DSTM32 -DSTM32F4 -DSTM32F407VETx -DDEBUG -DSTM32F40XX -DSTM32F40_41xxx -DUSE_STDPERIPH_DRIVER -I"/home/jpalvesl/Documentos/github/AAMCI/projetos/StdPeriph_Driver/inc" -I"/home/jpalvesl/Documentos/github/AAMCI/projetos/inc" -I"/home/jpalvesl/Documentos/github/AAMCI/projetos/CMSIS/device" -I"/home/jpalvesl/Documentos/github/AAMCI/projetos/CMSIS/core" -O0 -g3 -Wall -fmessage-length=0 -ffunction-sections -c -MMD -MP -MF"StdPeriph_Driver/src/stm32f4xx_lptim.d" -MT"StdPeriph_Driver/src/stm32f4xx_lptim.o" -o "StdPeriph_Driver/src/stm32f4xx_lptim.o" "../StdPeriph_Driver/src/stm32f4xx_lptim.c"
Finished building: ../StdPeriph_Driver/src/stm32f4xx_hash.c
                 from ../StdPeriph_Driver/src/stm32f4xx_iwdg.c:85:
/home/jpalvesl/Documentos/github/AAMCI/projetos/CMSIS/device/stm32f4xx.h:108:0: warning: "STM32F40_41xxx" redefined
   #define STM32F40_41xxx
 
<command-line>:0:0: note: this is the location of the previous definition
 
In file included from /home/jpalvesl/Documentos/github/AAMCI/projetos/StdPeriph_Driver/inc/stm32f4xx_lptim.h:38:0,
                 from ../StdPeriph_Driver/src/stm32f4xx_lptim.c:96:
/home/jpalvesl/Documentos/github/AAMCI/projetos/CMSIS/device/stm32f4xx.h:108:0: warning: "STM32F40_41xxx" redefined
   #define STM32F40_41xxx
 
<command-line>:0:0: note: this is the location of the previous definition
Finished building: ../StdPeriph_Driver/src/stm32f4xx_fsmc.c
Building file: ../StdPeriph_Driver/src/stm32f4xx_ltdc.c
 
Invoking: MCU GCC Compiler
Finished building: ../StdPeriph_Driver/src/stm32f4xx_gpio.c
/home/jpalvesl/Documentos/github/AAMCI/projetos/Debug
arm-none-eabi-gcc -mcpu=cortex-m4 -mthumb -mfloat-abi=hard -mfpu=fpv4-sp-d16 -DSTM32 -DSTM32F4 -DSTM32F407VETx -DDEBUG -DSTM32F40XX -DSTM32F40_41xxx -DUSE_STDPERIPH_DRIVER -I"/home/jpalvesl/Documentos/github/AAMCI/projetos/StdPeriph_Driver/inc" -I"/home/jpalvesl/Documentos/github/AAMCI/projetos/inc" -I"/home/jpalvesl/Documentos/github/AAMCI/projetos/CMSIS/device" -I"/home/jpalvesl/Documentos/github/AAMCI/projetos/CMSIS/core" -O0 -g3 -Wall -fmessage-length=0 -ffunction-sections -c -MMD -MP -MF"StdPeriph_Driver/src/stm32f4xx_ltdc.d" -MT"StdPeriph_Driver/src/stm32f4xx_ltdc.o" -o "StdPeriph_Driver/src/stm32f4xx_ltdc.o" "../StdPeriph_Driver/src/stm32f4xx_ltdc.c"
 
Building file: ../StdPeriph_Driver/src/stm32f4xx_pwr.c
Invoking: MCU GCC Compiler
Building file: ../StdPeriph_Driver/src/stm32f4xx_qspi.c
Finished building: ../StdPeriph_Driver/src/stm32f4xx_hash_sha1.c
/home/jpalvesl/Documentos/github/AAMCI/projetos/Debug
arm-none-eabi-gcc -mcpu=cortex-m4 -mthumb -mfloat-abi=hard -mfpu=fpv4-sp-d16 -DSTM32 -DSTM32F4 -DSTM32F407VETx -DDEBUG -DSTM32F40XX -DSTM32F40_41xxx -DUSE_STDPERIPH_DRIVER -I"/home/jpalvesl/Documentos/github/AAMCI/projetos/StdPeriph_Driver/inc" -I"/home/jpalvesl/Documentos/github/AAMCI/projetos/inc" -I"/home/jpalvesl/Documentos/github/AAMCI/projetos/CMSIS/device" -I"/home/jpalvesl/Documentos/github/AAMCI/projetos/CMSIS/core" -O0 -g3 -Wall -fmessage-length=0 -ffunction-sections -c -MMD -MP -MF"StdPeriph_Driver/src/stm32f4xx_pwr.d" -MT"StdPeriph_Driver/src/stm32f4xx_pwr.o" -o "StdPeriph_Driver/src/stm32f4xx_pwr.o" "../StdPeriph_Driver/src/stm32f4xx_pwr.c"
 
In file included from /home/jpalvesl/Documentos/github/AAMCI/projetos/StdPeriph_Driver/inc/stm32f4xx_ltdc.h:38:0,
                 from ../StdPeriph_Driver/src/stm32f4xx_ltdc.c:76:
/home/jpalvesl/Documentos/github/AAMCI/projetos/CMSIS/device/stm32f4xx.h:108:0: warning: "STM32F40_41xxx" redefined
   #define STM32F40_41xxx
 
<command-line>:0:0: note: this is the location of the previous definition
Invoking: MCU GCC Compiler
Building file: ../StdPeriph_Driver/src/stm32f4xx_rcc.c
In file included from /home/jpalvesl/Documentos/github/AAMCI/projetos/StdPeriph_Driver/inc/stm32f4xx_pwr.h:38:0,
                 from ../StdPeriph_Driver/src/stm32f4xx_pwr.c:38:
/home/jpalvesl/Documentos/github/AAMCI/projetos/CMSIS/device/stm32f4xx.h:108:0: warning: "STM32F40_41xxx" redefined
   #define STM32F40_41xxx
 
/home/jpalvesl/Documentos/github/AAMCI/projetos/Debug
<command-line>:0:0: note: this is the location of the previous definition
Finished building: ../StdPeriph_Driver/src/stm32f4xx_hash_md5.c
arm-none-eabi-gcc -mcpu=cortex-m4 -mthumb -mfloat-abi=hard -mfpu=fpv4-sp-d16 -DSTM32 -DSTM32F4 -DSTM32F407VETx -DDEBUG -DSTM32F40XX -DSTM32F40_41xxx -DUSE_STDPERIPH_DRIVER -I"/home/jpalvesl/Documentos/github/AAMCI/projetos/StdPeriph_Driver/inc" -I"/home/jpalvesl/Documentos/github/AAMCI/projetos/inc" -I"/home/jpalvesl/Documentos/github/AAMCI/projetos/CMSIS/device" -I"/home/jpalvesl/Documentos/github/AAMCI/projetos/CMSIS/core" -O0 -g3 -Wall -fmessage-length=0 -ffunction-sections -c -MMD -MP -MF"StdPeriph_Driver/src/stm32f4xx_qspi.d" -MT"StdPeriph_Driver/src/stm32f4xx_qspi.o" -o "StdPeriph_Driver/src/stm32f4xx_qspi.o" "../StdPeriph_Driver/src/stm32f4xx_qspi.c"
Invoking: MCU GCC Compiler
 
In file included from /home/jpalvesl/Documentos/github/AAMCI/projetos/StdPeriph_Driver/inc/stm32f4xx_qspi.h:38:0,
                 from ../StdPeriph_Driver/src/stm32f4xx_qspi.c:82:
/home/jpalvesl/Documentos/github/AAMCI/projetos/CMSIS/device/stm32f4xx.h:108:0: warning: "STM32F40_41xxx" redefined
   #define STM32F40_41xxx
 
<command-line>:0:0: note: this is the location of the previous definition
/home/jpalvesl/Documentos/github/AAMCI/projetos/Debug
Building file: ../StdPeriph_Driver/src/stm32f4xx_rng.c
arm-none-eabi-gcc -mcpu=cortex-m4 -mthumb -mfloat-abi=hard -mfpu=fpv4-sp-d16 -DSTM32 -DSTM32F4 -DSTM32F407VETx -DDEBUG -DSTM32F40XX -DSTM32F40_41xxx -DUSE_STDPERIPH_DRIVER -I"/home/jpalvesl/Documentos/github/AAMCI/projetos/StdPeriph_Driver/inc" -I"/home/jpalvesl/Documentos/github/AAMCI/projetos/inc" -I"/home/jpalvesl/Documentos/github/AAMCI/projetos/CMSIS/device" -I"/home/jpalvesl/Documentos/github/AAMCI/projetos/CMSIS/core" -O0 -g3 -Wall -fmessage-length=0 -ffunction-sections -c -MMD -MP -MF"StdPeriph_Driver/src/stm32f4xx_rcc.d" -MT"StdPeriph_Driver/src/stm32f4xx_rcc.o" -o "StdPeriph_Driver/src/stm32f4xx_rcc.o" "../StdPeriph_Driver/src/stm32f4xx_rcc.c"
Finished building: ../StdPeriph_Driver/src/stm32f4xx_i2c.c
Invoking: MCU GCC Compiler
Finished building: ../StdPeriph_Driver/src/stm32f4xx_iwdg.c
 
/home/jpalvesl/Documentos/github/AAMCI/projetos/Debug
In file included from /home/jpalvesl/Documentos/github/AAMCI/projetos/StdPeriph_Driver/inc/stm32f4xx_rcc.h:37:0,
                 from ../StdPeriph_Driver/src/stm32f4xx_rcc.c:59:
/home/jpalvesl/Documentos/github/AAMCI/projetos/CMSIS/device/stm32f4xx.h:108:0: warning: "STM32F40_41xxx" redefined
   #define STM32F40_41xxx
 
 
<command-line>:0:0: note: this is the location of the previous definition
arm-none-eabi-gcc -mcpu=cortex-m4 -mthumb -mfloat-abi=hard -mfpu=fpv4-sp-d16 -DSTM32 -DSTM32F4 -DSTM32F407VETx -DDEBUG -DSTM32F40XX -DSTM32F40_41xxx -DUSE_STDPERIPH_DRIVER -I"/home/jpalvesl/Documentos/github/AAMCI/projetos/StdPeriph_Driver/inc" -I"/home/jpalvesl/Documentos/github/AAMCI/projetos/inc" -I"/home/jpalvesl/Documentos/github/AAMCI/projetos/CMSIS/device" -I"/home/jpalvesl/Documentos/github/AAMCI/projetos/CMSIS/core" -O0 -g3 -Wall -fmessage-length=0 -ffunction-sections -c -MMD -MP -MF"StdPeriph_Driver/src/stm32f4xx_rng.d" -MT"StdPeriph_Driver/src/stm32f4xx_rng.o" -o "StdPeriph_Driver/src/stm32f4xx_rng.o" "../StdPeriph_Driver/src/stm32f4xx_rng.c"
Building file: ../StdPeriph_Driver/src/stm32f4xx_rtc.c
Invoking: MCU GCC Compiler
Finished building: ../StdPeriph_Driver/src/stm32f4xx_lptim.c
Building file: ../StdPeriph_Driver/src/stm32f4xx_sai.c
/home/jpalvesl/Documentos/github/AAMCI/projetos/Debug
arm-none-eabi-gcc -mcpu=cortex-m4 -mthumb -mfloat-abi=hard -mfpu=fpv4-sp-d16 -DSTM32 -DSTM32F4 -DSTM32F407VETx -DDEBUG -DSTM32F40XX -DSTM32F40_41xxx -DUSE_STDPERIPH_DRIVER -I"/home/jpalvesl/Documentos/github/AAMCI/projetos/StdPeriph_Driver/inc" -I"/home/jpalvesl/Documentos/github/AAMCI/projetos/inc" -I"/home/jpalvesl/Documentos/github/AAMCI/projetos/CMSIS/device" -I"/home/jpalvesl/Documentos/github/AAMCI/projetos/CMSIS/core" -O0 -g3 -Wall -fmessage-length=0 -ffunction-sections -c -MMD -MP -MF"StdPeriph_Driver/src/stm32f4xx_rtc.d" -MT"StdPeriph_Driver/src/stm32f4xx_rtc.o" -o "StdPeriph_Driver/src/stm32f4xx_rtc.o" "../StdPeriph_Driver/src/stm32f4xx_rtc.c"
 
Invoking: MCU GCC Compiler
Building file: ../StdPeriph_Driver/src/stm32f4xx_sdio.c
In file included from /home/jpalvesl/Documentos/github/AAMCI/projetos/StdPeriph_Driver/inc/stm32f4xx_rng.h:38:0,
                 from ../StdPeriph_Driver/src/stm32f4xx_rng.c:56:
/home/jpalvesl/Documentos/github/AAMCI/projetos/CMSIS/device/stm32f4xx.h:108:0: warning: "STM32F40_41xxx" redefined
   #define STM32F40_41xxx
 
<command-line>:0:0: note: this is the location of the previous definition
/home/jpalvesl/Documentos/github/AAMCI/projetos/Debug
arm-none-eabi-gcc -mcpu=cortex-m4 -mthumb -mfloat-abi=hard -mfpu=fpv4-sp-d16 -DSTM32 -DSTM32F4 -DSTM32F407VETx -DDEBUG -DSTM32F40XX -DSTM32F40_41xxx -DUSE_STDPERIPH_DRIVER -I"/home/jpalvesl/Documentos/github/AAMCI/projetos/StdPeriph_Driver/inc" -I"/home/jpalvesl/Documentos/github/AAMCI/projetos/inc" -I"/home/jpalvesl/Documentos/github/AAMCI/projetos/CMSIS/device" -I"/home/jpalvesl/Documentos/github/AAMCI/projetos/CMSIS/core" -O0 -g3 -Wall -fmessage-length=0 -ffunction-sections -c -MMD -MP -MF"StdPeriph_Driver/src/stm32f4xx_sai.d" -MT"StdPeriph_Driver/src/stm32f4xx_sai.o" -o "StdPeriph_Driver/src/stm32f4xx_sai.o" "../StdPeriph_Driver/src/stm32f4xx_sai.c"
Invoking: MCU GCC Compiler
In file included from /home/jpalvesl/Documentos/github/AAMCI/projetos/StdPeriph_Driver/inc/stm32f4xx_rtc.h:38:0,
                 from ../StdPeriph_Driver/src/stm32f4xx_rtc.c:285:
/home/jpalvesl/Documentos/github/AAMCI/projetos/CMSIS/device/stm32f4xx.h:108:0: warning: "STM32F40_41xxx" redefined
   #define STM32F40_41xxx
 
<command-line>:0:0: note: this is the location of the previous definition
/home/jpalvesl/Documentos/github/AAMCI/projetos/Debug
arm-none-eabi-gcc -mcpu=cortex-m4 -mthumb -mfloat-abi=hard -mfpu=fpv4-sp-d16 -DSTM32 -DSTM32F4 -DSTM32F407VETx -DDEBUG -DSTM32F40XX -DSTM32F40_41xxx -DUSE_STDPERIPH_DRIVER -I"/home/jpalvesl/Documentos/github/AAMCI/projetos/StdPeriph_Driver/inc" -I"/home/jpalvesl/Documentos/github/AAMCI/projetos/inc" -I"/home/jpalvesl/Documentos/github/AAMCI/projetos/CMSIS/device" -I"/home/jpalvesl/Documentos/github/AAMCI/projetos/CMSIS/core" -O0 -g3 -Wall -fmessage-length=0 -ffunction-sections -c -MMD -MP -MF"StdPeriph_Driver/src/stm32f4xx_sdio.d" -MT"StdPeriph_Driver/src/stm32f4xx_sdio.o" -o "StdPeriph_Driver/src/stm32f4xx_sdio.o" "../StdPeriph_Driver/src/stm32f4xx_sdio.c"
Finished building: ../StdPeriph_Driver/src/stm32f4xx_pwr.c
In file included from /home/jpalvesl/Documentos/github/AAMCI/projetos/StdPeriph_Driver/inc/stm32f4xx_sai.h:38:0,
                 from ../StdPeriph_Driver/src/stm32f4xx_sai.c:126:
/home/jpalvesl/Documentos/github/AAMCI/projetos/CMSIS/device/stm32f4xx.h:108:0: warning: "STM32F40_41xxx" redefined
   #define STM32F40_41xxx
 
<command-line>:0:0: note: this is the location of the previous definition
 
In file included from /home/jpalvesl/Documentos/github/AAMCI/projetos/StdPeriph_Driver/inc/stm32f4xx_sdio.h:38:0,
                 from ../StdPeriph_Driver/src/stm32f4xx_sdio.c:156:
/home/jpalvesl/Documentos/github/AAMCI/projetos/CMSIS/device/stm32f4xx.h:108:0: warning: "STM32F40_41xxx" redefined
   #define STM32F40_41xxx
 
<command-line>:0:0: note: this is the location of the previous definition
Finished building: ../StdPeriph_Driver/src/stm32f4xx_ltdc.c
Finished building: ../StdPeriph_Driver/src/stm32f4xx_qspi.c
 
 
Building file: ../StdPeriph_Driver/src/stm32f4xx_spdifrx.c
Building file: ../StdPeriph_Driver/src/stm32f4xx_syscfg.c
Invoking: MCU GCC Compiler
Invoking: MCU GCC Compiler
/home/jpalvesl/Documentos/github/AAMCI/projetos/Debug
arm-none-eabi-gcc -mcpu=cortex-m4 -mthumb -mfloat-abi=hard -mfpu=fpv4-sp-d16 -DSTM32 -DSTM32F4 -DSTM32F407VETx -DDEBUG -DSTM32F40XX -DSTM32F40_41xxx -DUSE_STDPERIPH_DRIVER -I"/home/jpalvesl/Documentos/github/AAMCI/projetos/StdPeriph_Driver/inc" -I"/home/jpalvesl/Documentos/github/AAMCI/projetos/inc" -I"/home/jpalvesl/Documentos/github/AAMCI/projetos/CMSIS/device" -I"/home/jpalvesl/Documentos/github/AAMCI/projetos/CMSIS/core" -O0 -g3 -Wall -fmessage-length=0 -ffunction-sections -c -MMD -MP -MF"StdPeriph_Driver/src/stm32f4xx_spdifrx.d" -MT"StdPeriph_Driver/src/stm32f4xx_spdifrx.o" -o "StdPeriph_Driver/src/stm32f4xx_spdifrx.o" "../StdPeriph_Driver/src/stm32f4xx_spdifrx.c"
/home/jpalvesl/Documentos/github/AAMCI/projetos/Debug
arm-none-eabi-gcc -mcpu=cortex-m4 -mthumb -mfloat-abi=hard -mfpu=fpv4-sp-d16 -DSTM32 -DSTM32F4 -DSTM32F407VETx -DDEBUG -DSTM32F40XX -DSTM32F40_41xxx -DUSE_STDPERIPH_DRIVER -I"/home/jpalvesl/Documentos/github/AAMCI/projetos/StdPeriph_Driver/inc" -I"/home/jpalvesl/Documentos/github/AAMCI/projetos/inc" -I"/home/jpalvesl/Documentos/github/AAMCI/projetos/CMSIS/device" -I"/home/jpalvesl/Documentos/github/AAMCI/projetos/CMSIS/core" -O0 -g3 -Wall -fmessage-length=0 -ffunction-sections -c -MMD -MP -MF"StdPeriph_Driver/src/stm32f4xx_syscfg.d" -MT"StdPeriph_Driver/src/stm32f4xx_syscfg.o" -o "StdPeriph_Driver/src/stm32f4xx_syscfg.o" "../StdPeriph_Driver/src/stm32f4xx_syscfg.c"
Building file: ../StdPeriph_Driver/src/stm32f4xx_spi.c
Invoking: MCU GCC Compiler
/home/jpalvesl/Documentos/github/AAMCI/projetos/Debug
arm-none-eabi-gcc -mcpu=cortex-m4 -mthumb -mfloat-abi=hard -mfpu=fpv4-sp-d16 -DSTM32 -DSTM32F4 -DSTM32F407VETx -DDEBUG -DSTM32F40XX -DSTM32F40_41xxx -DUSE_STDPERIPH_DRIVER -I"/home/jpalvesl/Documentos/github/AAMCI/projetos/StdPeriph_Driver/inc" -I"/home/jpalvesl/Documentos/github/AAMCI/projetos/inc" -I"/home/jpalvesl/Documentos/github/AAMCI/projetos/CMSIS/device" -I"/home/jpalvesl/Documentos/github/AAMCI/projetos/CMSIS/core" -O0 -g3 -Wall -fmessage-length=0 -ffunction-sections -c -MMD -MP -MF"StdPeriph_Driver/src/stm32f4xx_spi.d" -MT"StdPeriph_Driver/src/stm32f4xx_spi.o" -o "StdPeriph_Driver/src/stm32f4xx_spi.o" "../StdPeriph_Driver/src/stm32f4xx_spi.c"
In file included from /home/jpalvesl/Documentos/github/AAMCI/projetos/StdPeriph_Driver/inc/stm32f4xx_spi.h:38:0,
                 from ../StdPeriph_Driver/src/stm32f4xx_spi.c:159:
/home/jpalvesl/Documentos/github/AAMCI/projetos/CMSIS/device/stm32f4xx.h:108:0: warning: "STM32F40_41xxx" redefined
   #define STM32F40_41xxx
 
<command-line>:0:0: note: this is the location of the previous definition
In file included from /home/jpalvesl/Documentos/github/AAMCI/projetos/StdPeriph_Driver/inc/stm32f4xx_spdifrx.h:38:0,
                 from ../StdPeriph_Driver/src/stm32f4xx_spdifrx.c:34:
/home/jpalvesl/Documentos/github/AAMCI/projetos/CMSIS/device/stm32f4xx.h:108:0: warning: "STM32F40_41xxx" redefined
   #define STM32F40_41xxx
 
<command-line>:0:0: note: this is the location of the previous definition
In file included from /home/jpalvesl/Documentos/github/AAMCI/projetos/StdPeriph_Driver/inc/stm32f4xx_syscfg.h:38:0,
                 from ../StdPeriph_Driver/src/stm32f4xx_syscfg.c:50:
/home/jpalvesl/Documentos/github/AAMCI/projetos/CMSIS/device/stm32f4xx.h:108:0: warning: "STM32F40_41xxx" redefined
   #define STM32F40_41xxx
 
<command-line>:0:0: note: this is the location of the previous definition
Finished building: ../StdPeriph_Driver/src/stm32f4xx_rng.c
Finished building: ../StdPeriph_Driver/src/stm32f4xx_rcc.c
 
Building file: ../StdPeriph_Driver/src/stm32f4xx_tim.c
 
Invoking: MCU GCC Compiler
Building file: ../StdPeriph_Driver/src/stm32f4xx_usart.c
/home/jpalvesl/Documentos/github/AAMCI/projetos/Debug
arm-none-eabi-gcc -mcpu=cortex-m4 -mthumb -mfloat-abi=hard -mfpu=fpv4-sp-d16 -DSTM32 -DSTM32F4 -DSTM32F407VETx -DDEBUG -DSTM32F40XX -DSTM32F40_41xxx -DUSE_STDPERIPH_DRIVER -I"/home/jpalvesl/Documentos/github/AAMCI/projetos/StdPeriph_Driver/inc" -I"/home/jpalvesl/Documentos/github/AAMCI/projetos/inc" -I"/home/jpalvesl/Documentos/github/AAMCI/projetos/CMSIS/device" -I"/home/jpalvesl/Documentos/github/AAMCI/projetos/CMSIS/core" -O0 -g3 -Wall -fmessage-length=0 -ffunction-sections -c -MMD -MP -MF"StdPeriph_Driver/src/stm32f4xx_tim.d" -MT"StdPeriph_Driver/src/stm32f4xx_tim.o" -o "StdPeriph_Driver/src/stm32f4xx_tim.o" "../StdPeriph_Driver/src/stm32f4xx_tim.c"
Invoking: MCU GCC Compiler
/home/jpalvesl/Documentos/github/AAMCI/projetos/Debug
arm-none-eabi-gcc -mcpu=cortex-m4 -mthumb -mfloat-abi=hard -mfpu=fpv4-sp-d16 -DSTM32 -DSTM32F4 -DSTM32F407VETx -DDEBUG -DSTM32F40XX -DSTM32F40_41xxx -DUSE_STDPERIPH_DRIVER -I"/home/jpalvesl/Documentos/github/AAMCI/projetos/StdPeriph_Driver/inc" -I"/home/jpalvesl/Documentos/github/AAMCI/projetos/inc" -I"/home/jpalvesl/Documentos/github/AAMCI/projetos/CMSIS/device" -I"/home/jpalvesl/Documentos/github/AAMCI/projetos/CMSIS/core" -O0 -g3 -Wall -fmessage-length=0 -ffunction-sections -c -MMD -MP -MF"StdPeriph_Driver/src/stm32f4xx_usart.d" -MT"StdPeriph_Driver/src/stm32f4xx_usart.o" -o "StdPeriph_Driver/src/stm32f4xx_usart.o" "../StdPeriph_Driver/src/stm32f4xx_usart.c"
In file included from /home/jpalvesl/Documentos/github/AAMCI/projetos/StdPeriph_Driver/inc/stm32f4xx_tim.h:38:0,
                 from ../StdPeriph_Driver/src/stm32f4xx_tim.c:119:
/home/jpalvesl/Documentos/github/AAMCI/projetos/CMSIS/device/stm32f4xx.h:108:0: warning: "STM32F40_41xxx" redefined
   #define STM32F40_41xxx
 
<command-line>:0:0: note: this is the location of the previous definition
In file included from /home/jpalvesl/Documentos/github/AAMCI/projetos/StdPeriph_Driver/inc/stm32f4xx_usart.h:38:0,
                 from ../StdPeriph_Driver/src/stm32f4xx_usart.c:92:
/home/jpalvesl/Documentos/github/AAMCI/projetos/CMSIS/device/stm32f4xx.h:108:0: warning: "STM32F40_41xxx" redefined
   #define STM32F40_41xxx
 
Finished building: ../StdPeriph_Driver/src/stm32f4xx_sdio.c
<command-line>:0:0: note: this is the location of the previous definition
 
Building file: ../StdPeriph_Driver/src/stm32f4xx_wwdg.c
Invoking: MCU GCC Compiler
/home/jpalvesl/Documentos/github/AAMCI/projetos/Debug
arm-none-eabi-gcc -mcpu=cortex-m4 -mthumb -mfloat-abi=hard -mfpu=fpv4-sp-d16 -DSTM32 -DSTM32F4 -DSTM32F407VETx -DDEBUG -DSTM32F40XX -DSTM32F40_41xxx -DUSE_STDPERIPH_DRIVER -I"/home/jpalvesl/Documentos/github/AAMCI/projetos/StdPeriph_Driver/inc" -I"/home/jpalvesl/Documentos/github/AAMCI/projetos/inc" -I"/home/jpalvesl/Documentos/github/AAMCI/projetos/CMSIS/device" -I"/home/jpalvesl/Documentos/github/AAMCI/projetos/CMSIS/core" -O0 -g3 -Wall -fmessage-length=0 -ffunction-sections -c -MMD -MP -MF"StdPeriph_Driver/src/stm32f4xx_wwdg.d" -MT"StdPeriph_Driver/src/stm32f4xx_wwdg.o" -o "StdPeriph_Driver/src/stm32f4xx_wwdg.o" "../StdPeriph_Driver/src/stm32f4xx_wwdg.c"
Finished building: ../StdPeriph_Driver/src/stm32f4xx_sai.c
 
Finished building: ../StdPeriph_Driver/src/stm32f4xx_syscfg.c
In file included from /home/jpalvesl/Documentos/github/AAMCI/projetos/StdPeriph_Driver/inc/stm32f4xx_wwdg.h:38:0,
                 from ../StdPeriph_Driver/src/stm32f4xx_wwdg.c:84:
/home/jpalvesl/Documentos/github/AAMCI/projetos/CMSIS/device/stm32f4xx.h:108:0: warning: "STM32F40_41xxx" redefined
   #define STM32F40_41xxx
 
<command-line>:0:0: note: this is the location of the previous definition
 
Finished building: ../StdPeriph_Driver/src/stm32f4xx_rtc.c
 
Finished building: ../StdPeriph_Driver/src/stm32f4xx_spi.c
 
Finished building: ../StdPeriph_Driver/src/stm32f4xx_spdifrx.c
 
Finished building: ../StdPeriph_Driver/src/stm32f4xx_usart.c
 
Finished building: ../StdPeriph_Driver/src/stm32f4xx_wwdg.c
 
Finished building: ../StdPeriph_Driver/src/stm32f4xx_tim.c
 
Building target: projetos.elf
Invoking: MCU GCC Linker
arm-none-eabi-gcc -mcpu=cortex-m4 -mthumb -mfloat-abi=hard -mfpu=fpv4-sp-d16 -T"/home/jpalvesl/Documentos/github/AAMCI/projetos/LinkerScript.ld" -Wl,-Map=output.map -Wl,--gc-sections -o "projetos.elf" @"objects.list"   -lm
Finished building target: projetos.elf
 
make --no-print-directory post-build
Generating binary and Printing size information:
arm-none-eabi-objcopy -O binary "projetos.elf" "projetos.bin"
arm-none-eabi-size "projetos.elf"
   text	   data	    bss	    dec	    hex	filename
   1320	   1080	   1092	   3492	    da4	projetos.elf
 
21:02:37 **** Incremental Build of configuration Debug for project projetos ****
make -j8 all 
make: Nada a ser feito para 'all'.
21:03:19 **** Incremental Build of configuration Debug for project projetos ****
make -j8 all 
Building file: ../src/main.c
Invoking: MCU GCC Compiler
/home/jpalvesl/Documentos/github/AAMCI/projetos/Debug
arm-none-eabi-gcc -mcpu=cortex-m4 -mthumb -mfloat-abi=hard -mfpu=fpv4-sp-d16 -DSTM32 -DSTM32F4 -DSTM32F407VETx -DDEBUG -DSTM32F40XX -DSTM32F40_41xxx -DUSE_STDPERIPH_DRIVER -I"/home/jpalvesl/Documentos/github/AAMCI/projetos/StdPeriph_Driver/inc" -I"/home/jpalvesl/Documentos/github/AAMCI/projetos/inc" -I"/home/jpalvesl/Documentos/github/AAMCI/projetos/CMSIS/device" -I"/home/jpalvesl/Documentos/github/AAMCI/projetos/CMSIS/core" -O0 -g3 -Wall -fmessage-length=0 -ffunction-sections -c -MMD -MP -MF"src/main.d" -MT"src/main.o" -o "src/main.o" "../src/main.c"
In file included from ../src/main.c:12:0:
/home/jpalvesl/Documentos/github/AAMCI/projetos/CMSIS/device/stm32f4xx.h:108:0: warning: "STM32F40_41xxx" redefined
   #define STM32F40_41xxx
 
<command-line>:0:0: note: this is the location of the previous definition
../src/main.c: In function 'main':
../src/main.c:21:7: error: 'RCC_TypeDef {aka struct <anonymous>}' has no member named 'AHB1NER'; did you mean 'AHB1ENR'?
  RCC->AHB1NER |= RCC_AHB1ENR_GPIOAEN;
       ^~~~~~~
       AHB1ENR
make: *** [src/subdir.mk:27: src/main.o] Erro 1
21:04:27 **** Incremental Build of configuration Debug for project projetos ****
make -j8 all 
Building file: ../src/main.c
Invoking: MCU GCC Compiler
/home/jpalvesl/Documentos/github/AAMCI/projetos/Debug
arm-none-eabi-gcc -mcpu=cortex-m4 -mthumb -mfloat-abi=hard -mfpu=fpv4-sp-d16 -DSTM32 -DSTM32F4 -DSTM32F407VETx -DDEBUG -DSTM32F40XX -DSTM32F40_41xxx -DUSE_STDPERIPH_DRIVER -I"/home/jpalvesl/Documentos/github/AAMCI/projetos/StdPeriph_Driver/inc" -I"/home/jpalvesl/Documentos/github/AAMCI/projetos/inc" -I"/home/jpalvesl/Documentos/github/AAMCI/projetos/CMSIS/device" -I"/home/jpalvesl/Documentos/github/AAMCI/projetos/CMSIS/core" -O0 -g3 -Wall -fmessage-length=0 -ffunction-sections -c -MMD -MP -MF"src/main.d" -MT"src/main.o" -o "src/main.o" "../src/main.c"
In file included from ../src/main.c:12:0:
/home/jpalvesl/Documentos/github/AAMCI/projetos/CMSIS/device/stm32f4xx.h:108:0: warning: "STM32F40_41xxx" redefined
   #define STM32F40_41xxx
 
<command-line>:0:0: note: this is the location of the previous definition
Finished building: ../src/main.c
 
Building target: projetos.elf
Invoking: MCU GCC Linker
arm-none-eabi-gcc -mcpu=cortex-m4 -mthumb -mfloat-abi=hard -mfpu=fpv4-sp-d16 -T"/home/jpalvesl/Documentos/github/AAMCI/projetos/LinkerScript.ld" -Wl,-Map=output.map -Wl,--gc-sections -o "projetos.elf" @"objects.list"   -lm
Finished building target: projetos.elf
 
make --no-print-directory post-build
Generating binary and Printing size information:
arm-none-eabi-objcopy -O binary "projetos.elf" "projetos.bin"
arm-none-eabi-size "projetos.elf"
   text	   data	    bss	    dec	    hex	filename
   1416	   1080	   1092	   3588	    e04	projetos.elf
 
21:05:26 **** Incremental Build of configuration Debug for project projetos ****
make -j8 all 
Building file: ../src/main.c
Invoking: MCU GCC Compiler
/home/jpalvesl/Documentos/github/AAMCI/projetos/Debug
arm-none-eabi-gcc -mcpu=cortex-m4 -mthumb -mfloat-abi=hard -mfpu=fpv4-sp-d16 -DSTM32 -DSTM32F4 -DSTM32F407VETx -DDEBUG -DSTM32F40XX -DSTM32F40_41xxx -DUSE_STDPERIPH_DRIVER -I"/home/jpalvesl/Documentos/github/AAMCI/projetos/StdPeriph_Driver/inc" -I"/home/jpalvesl/Documentos/github/AAMCI/projetos/inc" -I"/home/jpalvesl/Documentos/github/AAMCI/projetos/CMSIS/device" -I"/home/jpalvesl/Documentos/github/AAMCI/projetos/CMSIS/core" -O0 -g3 -Wall -fmessage-length=0 -ffunction-sections -c -MMD -MP -MF"src/main.d" -MT"src/main.o" -o "src/main.o" "../src/main.c"
In file included from ../src/main.c:12:0:
/home/jpalvesl/Documentos/github/AAMCI/projetos/CMSIS/device/stm32f4xx.h:108:0: warning: "STM32F40_41xxx" redefined
   #define STM32F40_41xxx
 
<command-line>:0:0: note: this is the location of the previous definition
Finished building: ../src/main.c
 
Building target: projetos.elf
Invoking: MCU GCC Linker
arm-none-eabi-gcc -mcpu=cortex-m4 -mthumb -mfloat-abi=hard -mfpu=fpv4-sp-d16 -T"/home/jpalvesl/Documentos/github/AAMCI/projetos/LinkerScript.ld" -Wl,-Map=output.map -Wl,--gc-sections -o "projetos.elf" @"objects.list"   -lm
Finished building target: projetos.elf
 
make --no-print-directory post-build
Generating binary and Printing size information:
arm-none-eabi-objcopy -O binary "projetos.elf" "projetos.bin"
arm-none-eabi-size "projetos.elf"
   text	   data	    bss	    dec	    hex	filename
   1408	   1080	   1092	   3580	    dfc	projetos.elf
 
21:05:38 **** Incremental Build of configuration Debug for project projetos ****
make -j8 all 
make: Nada a ser feito para 'all'.
21:06:06 **** Incremental Build of configuration Debug for project projetos ****
make -j8 all 
make: Nada a ser feito para 'all'.
